select count(*) from orders;
count
-----
38   
(1 row)
select pg_sleep(10);
pg_sleep
--------
        
(1 row)
select * from lineitem where l_orderkey < 100 order by 1, 2, 3, 4, 5;
l_orderkey|l_partkey|l_suppkey|l_linenumber|l_quantity|l_extendedprice|l_discount|l_tax|l_returnflag|l_linestatus|l_shipdate|l_commitdate|l_receiptdate|l_shipinstruct|l_shipmode|l_comment
----------+---------+---------+------------+----------+---------------+----------+-----+------------+------------+----------+------------+-------------+--------------+----------+---------
(0 rows)
select count(ps_suppkey) from partsupp where ps_partkey < 10 group by ps_suppkey;
count
-----
1    
1    
1    
1    
1    
1    
1    
1    
1    
1    
1    
1    
1    
1    
1    
1    
1    
1    
1    
1    
1    
1    
(22 rows)

explain analyze select 'foo7', supp_nation, cust_nation, l_year, sum(volume) as revenue from ( select n1.n_name as supp_nation, n2.n_name as cust_nation, extract(year from l_shipdate) as l_year, l_extendedprice * (1 - l_discount) as volume from supplier, lineitem, orders, customer, nation n1, nation n2 where s_suppkey = l_suppkey and o_orderkey = l_orderkey and c_custkey = o_custkey and s_nationkey = n1.n_nationkey and c_nationkey = n2.n_nationkey and ( (n1.n_name = 'MOZAMBIQUE' and n2.n_name = 'GERMANY') or (n1.n_name = 'GERMANY' and n2.n_name = 'MOZAMBIQUE') ) and l_shipdate between date '1995-01-01' and date '1996-12-31' ) as shipping group by supp_nation, cust_nation, l_year order by supp_nation, cust_nation, l_year;
ERROR:  failed to acquire resources on one or more segments
DETAIL:  FATAL:  Out of memory
DETAIL:  Per-query VM protect limit reached: current limit is 2048 kB, requested 262168 bytes, available 0 MB
 (seg1 172.17.0.2:25433)

